$fpath
[1] "/home/tade/Current/bridgePRS/repo/BridgePRS/version-0.1.7/python_package/../Rscripts/functions.R"

$pred1
[1] "/home/tade/Current/bridgePRS/repo/BridgePRS/version-0.1.7/python_package/tests/out2/prs-single_AFR/predict/AFR_predict"

$pred2
[1] "/home/tade/Current/bridgePRS/repo/BridgePRS/version-0.1.7/python_package/tests/out2/prs-prior_AFR/predict/AFR_predict"

$models1
[1] "/home/tade/Current/bridgePRS/repo/BridgePRS/version-0.1.7/python_package/tests/out2/prs-single_AFR/eval/AFR_eval"

$models2
[1] "/home/tade/Current/bridgePRS/repo/BridgePRS/version-0.1.7/python_package/tests/out2/prs-prior_AFR/eval/AFR_eval"

$outfile
[1] "/home/tade/Current/bridgePRS/repo/BridgePRS/version-0.1.7/python_package/tests/out2/prs-combined_AFR/AFR"

$pop2
[1] "AFR"

$valid.data
[1] "/home/tade/Current/bridgePRS/repo/BridgePRS/version-0.1.7/test_data/pop1_africa/phenos.valid.dat"

$test.data
[1] "/home/tade/Current/bridgePRS/repo/BridgePRS/version-0.1.7/test_data/pop1_africa/phenos.test.dat"

$cov.names
[1] "PC1,PC2,PC3,PC4,PC5,PC6,PC7,PC8,PC9,PC10"

$pheno.name
[1] "y"

$ids.col
[1] TRUE

$n.cores
[1] 7

$binary
[1] 0

$help
[1] FALSE

             Prob          Est        2.5%      97.5%   cv.dev cv.dev.sd
Ridge   0.2210015  0.089031643  0.02106023 0.15076470 87.02508  5.710769
Ridge1  0.1070944 -0.001160025 -0.02135945 0.01140749 87.34088  5.734418
Ridge2  0.6719041  0.116502882  0.04649104 0.18368714 86.54258  5.659466
Ridge.w 1.0000000  0.117487720  0.04551337 0.18421921  1.00000  1.000000
