Loading required package: Matrix
Loaded glmnet 4.1-7
Loading required package: foreach
Loading required package: iterators
Loading required package: parallel
Terminated
