$fpath
[1] "/home/tade/Current/bridgePRS/repo/BridgePRS/version-0.1.7/python_package/../Rscripts/functions.R"

$beta.stem
[1] "/home/tade/Current/bridgePRS/repo/BridgePRS/version-0.1.7/python_package/tests/out2/model_EUR/eval/EUR_eval"

$out.file
[1] "/home/tade/Current/bridgePRS/repo/BridgePRS/version-0.1.7/python_package/tests/out2/model_EUR/optimize/EUR_optimize"

$p.thresh
[1] "1e-1,1e-2,1e-3,1e-4,1e-5,1e-6,1e-7,1e-8"

$bfile
[1] "/home/tade/Current/bridgePRS/repo/BridgePRS/version-0.1.7/test_data/plink_files/bfile3"

$test.data
[1] "/home/tade/Current/bridgePRS/repo/BridgePRS/version-0.1.7/test_data/pop2_europe/phenos.dat"

$valid.data
[1] "0"

$n.cores
[1] 7

$cov.names
[1] "PC1,PC2,PC3,PC4,PC5,PC6,PC7,PC8,PC9,PC10"

$pheno.name
[1] "y"

$ranking
[1] "pv"

$by.chr
[1] 0

$strand.check
[1] 1

$binary
[1] 0

$help
[1] FALSE

