Warning: 'rs473902' is missing from the main dataset, and is a top variant.
Warning: 'rs35650604' is missing from the main dataset, and is a top variant.
Warning: 'rs817300' is missing from the main dataset, and is a top variant.
4712 more top variant IDs missing; see log file.
