$fpath
[1] "/home/tade/Current/bridgePRS/repo/BridgePRS/version-0.1.7/python_package/../Rscripts/functions.R"

$clump.stem
[1] "/home/tade/Current/bridgePRS/repo/BridgePRS/version-0.1.7/python_package/tests/out2/model_EUR/clump/EUR_clump"

$sumstats
[1] "/home/tade/Current/bridgePRS/repo/BridgePRS/version-0.1.7/test_data/pop2_europe/sumstats/EUR.chr"

$thinned.snplist
[1] "0"

$n.max.locus
[1] 0

$ld.ids
[1] "/home/tade/Current/bridgePRS/repo/BridgePRS/version-0.1.7/test_data/pop2_europe/ids.txt"

$param.file
[1] "/home/tade/Current/bridgePRS/repo/BridgePRS/version-0.1.7/python_package/tests/out2/model_EUR/optimize/EUR_optimize_best_model_params.dat"

$beta.stem
[1] "/home/tade/Current/bridgePRS/repo/BridgePRS/version-0.1.7/python_package/tests/out2/model_EUR/prior/EUR_prior"

$lambda
[1] "1"

$S
[1] "1"

$precision
[1] TRUE

$n.cores
[1] 7

$bfile
[1] "/home/tade/Current/bridgePRS/repo/BridgePRS/version-0.1.7/test_data/plink_files/bfile3"

$sumstats.snpID
[1] "ID"

$sumstats.betaID
[1] "BETA"

$sumstats.allele0ID
[1] "AX"

$sumstats.allele1ID
[1] "A1"

$sumstats.nID
[1] "OBS_CT"

$sumstats.seID
[1] "SE"

$sumstats.frqID
[1] "A1_FREQ"

$strand.check
[1] 1

$by.chr
[1] 0

$by.chr.sumstats
[1] ".Phenotype.glm.linear.gz"

$help
[1] FALSE

