Warning: 'rs2381416' is missing from the main dataset, and is a top variant.
Warning: 'rs10973083' is missing from the main dataset, and is a top variant.
Warning: 'rs1342326' is missing from the main dataset, and is a top variant.
171 more top variant IDs missing; see log file.
