PLINK v1.90b6.21 64-bit (19 Oct 2020)          www.cog-genomics.org/plink/1.9/
(C) 2005-2020 Shaun Purcell, Christopher Chang   GNU General Public License v3
Logging to /home/tade/Current/bridgePRS/repo/BridgePRS/version-0.1.7/python_package/tests/out2/prs-prior_AFR/clump/AFR_clump_9.log.
Options in effect:
  --bfile /home/tade/Current/bridgePRS/repo/BridgePRS/version-0.1.7/test_data/plink_files/bfile3
  --clump /home/tade/Current/bridgePRS/repo/BridgePRS/version-0.1.7/test_data/pop1_africa/sumstats/AFR.chr9.Phenotype.glm.linear.gz
  --clump-field P
  --clump-kb 1000
  --clump-p1 1e-2
  --clump-p2 1e-1
  --clump-r2 0.01
  --clump-snp-field ID
  --extract /home/tade/Current/bridgePRS/repo/BridgePRS/version-0.1.7/test_data/pop1_africa/snps.txt
  --keep /home/tade/Current/bridgePRS/repo/BridgePRS/version-0.1.7/test_data/pop1_africa/ids.txt
  --out /home/tade/Current/bridgePRS/repo/BridgePRS/version-0.1.7/python_package/tests/out2/prs-prior_AFR/clump/AFR_clump_9

19980 MB RAM detected; reserving 9990 MB for main workspace.
Allocated 1777 MB successfully, after larger attempt(s) failed.
69996 variants loaded from .bim file.
1164 people (0 males, 0 females, 1164 ambiguous) loaded from .fam.
Ambiguous sex IDs written to
/home/tade/Current/bridgePRS/repo/BridgePRS/version-0.1.7/python_package/tests/out2/prs-prior_AFR/clump/AFR_clump_9.nosex
.
--extract: 69996 variants remaining.
--keep: 661 people remaining.
Using 1 thread (no multithreaded calculations invoked).
Before main variant filters, 661 founders and 0 nonfounders present.
Calculating allele frequencies... 0%1%2%3%4%5%6%7%8%9%10%11%12%13%14%15%16%17%18%19%20%21%22%23%24%25%26%27%28%29%30%31%32%33%34%35%36%37%38%39%40%41%42%43%44%45%46%47%48%49%50%51%52%53%54%55%56%57%58%59%60%61%62%63%64%65%66%67%68%69%70%71%72%73%74%75%76%77%78%79%80%81%82%83%84%85%86%87%88%89%90%91%92%93%94%95%96%97%98%99% done.
69996 variants and 661 people pass filters and QC.
Note: No phenotypes present.
--clump: 25 clumps formed from 25 top variants.
Results written to
/home/tade/Current/bridgePRS/repo/BridgePRS/version-0.1.7/python_package/tests/out2/prs-prior_AFR/clump/AFR_clump_9.clumped
.
