Extracting number of samples and rownames from bfile3.fam...
Extracting number of variants and colnames from bfile3.bim...
