Loading required package: Matrix
Loaded glmnet 4.1-7
Loading required package: foreach
Loading required package: iterators
Loading required package: parallel
Error in object[[name, exact = TRUE]] : subscript out of bounds
Calls: sapply -> lapply -> FUN
Execution halted
