$fpath
[1] "/home/tade/Current/bridgePRS/repo/BridgePRS/version-0.1.7/python_package/../Rscripts/functions.R"

$pred1
[1] "/home/tade/Current/bridgePRS/repo/BridgePRS/version-0.1.7/python_package/tests/out/prs-single_AFR/predict/AFR_predict"

$models1
[1] "/home/tade/Current/bridgePRS/repo/BridgePRS/version-0.1.7/python_package/tests/out/prs-single_AFR/eval/AFR_eval"

$outfile
[1] "/home/tade/Current/bridgePRS/repo/BridgePRS/version-0.1.7/python_package/tests/out/prs-single_AFR/quantify/AFR_quantify"

$pop2
[1] "AFR"

$valid.data
[1] "/home/tade/Current/bridgePRS/repo/BridgePRS/version-0.1.7/test_data/pop1_africa/phenos.valid.dat"

$test.data
[1] "/home/tade/Current/bridgePRS/repo/BridgePRS/version-0.1.7/test_data/pop1_africa/phenos.test.dat"

$cov.names
[1] "PC1,PC2,PC3,PC4,PC5,PC6,PC7,PC8,PC9,PC10"

$pheno.name
[1] "y"

$ids.col
[1] TRUE

$n.cores
[1] 7

$binary
[1] 0

$help
[1] FALSE

               Est        2.5%      97.5%   cv.dev cv.dev.sd
Ridge -0.001160025 -0.02155668 0.01138671 87.34088  5.734418
